exports[`test renders Welcome correctly 1`] = `
<Connect(Shell)>
  <Component
    value="REACT SIMON" />
  <Flex
    justify="center">
    <Styled(Link)
      to="/board/">
      Play
    </Styled(Link)>
  </Flex>
</Connect(Shell)>
`;
